WARNING: using MitosisMode.LATCH_SCAN_CONFIDENCE_FLOOR in module Main conflicts with an existing identifier.
WARNING: using MitosisMode.THES_LATCH_WEIGHT in module Main conflicts with an existing identifier.
┌ Warning: [SEMANTIC] Relation class 'spatial' already exists. No change.
└ @ Main.SemanticVerbs /workspace/grugbot420/src/SemanticVerbs.jl:90
[ Info: [SEMANTIC] ✅  Verb 'above' added to class 'spatial'
[ Info: [SEMANTIC] ✅  Verb 'below' added to class 'spatial'
[ Info: [SEMANTIC] ✅  Verb 'beside' added to class 'spatial'
[ Info: [SEMANTIC] ✅  New relation class added: 'comparative'
[ Info: [SEMANTIC] ✅  Verb 'exceeds' added to class 'comparative'
[ Info: [SEMANTIC] ✅  Verb 'resembles' added to class 'comparative'
[ Info: [SEMANTIC] ✅  Verb 'mirrors' added to class 'comparative'
┌ Warning: [SEMANTIC] Verb 'produce' already in class 'causal'. No change.
└ @ Main.SemanticVerbs /workspace/grugbot420/src/SemanticVerbs.jl:128
┌ Warning: [MAIN v9] Error journal observe! failed (non-fatal): SelfObserverArgumentError("tag must be one of [:relational, :timing, :meta, :lexical, :mood]", "tag")
└ @ Main /workspace/grugbot420/src/Main.jl:12557
┌ Warning: [SEMANTIC] Synonym 'trigger' -> 'cause' already registered. No change.
└ @ Main.SemanticVerbs /workspace/grugbot420/src/SemanticVerbs.jl:189
[ Info: [SEMANTIC] ✅  Synonym registered: 'surpasses' -> 'exceeds'
┌ Warning: ⚠️  COHERENCE WARNING: Node with pattern "energy" has NO frame_hints!
│ TonalJudge cannot compute frame_match_multiplier for this node.
│ FIX: Add "frame_hints" to json_data (e.g. ["warm", "plain"]).
│ Valid: warm, exploratory, imperative, contemplative, de-escalating, terse, plain.
│ YOU NEED THIS OR NO CAN DO.
└ @ Main /workspace/grugbot420/src/engine.jl:5486
┌ Warning: ⚠️  COHERENCE WARNING: Node with pattern "force" has single-sentence system_prompt and NO noun_anchors!
│ The claim will fall back to the raw pattern — this produces pattern-echo garbage.
│ FIX: Make system_prompt multi-sentence (sentence 1 = persona, rest = grug voice)
│ OR add "noun_anchors" to json_data. YOU NEED THIS OR NO CAN DO.
└ @ Main /workspace/grugbot420/src/engine.jl:5474
┌ Warning: ⚠️  COHERENCE WARNING: Node with pattern "force" has NO frame_hints!
│ TonalJudge cannot compute frame_match_multiplier for this node.
│ FIX: Add "frame_hints" to json_data (e.g. ["warm", "plain"]).
│ Valid: warm, exploratory, imperative, contemplative, de-escalating, terse, plain.
│ YOU NEED THIS OR NO CAN DO.
└ @ Main /workspace/grugbot420/src/engine.jl:5486
┌ Warning: ⚠️  COHERENCE WARNING: Node with pattern "gravity" has single-sentence system_prompt and NO noun_anchors!
│ The claim will fall back to the raw pattern — this produces pattern-echo garbage.
│ FIX: Make system_prompt multi-sentence (sentence 1 = persona, rest = grug voice)
│ OR add "noun_anchors" to json_data. YOU NEED THIS OR NO CAN DO.
└ @ Main /workspace/grugbot420/src/engine.jl:5474
┌ Warning: ⚠️  COHERENCE WARNING: Node with pattern "gravity" has NO frame_hints!
│ TonalJudge cannot compute frame_match_multiplier for this node.
│ FIX: Add "frame_hints" to json_data (e.g. ["warm", "plain"]).
│ Valid: warm, exploratory, imperative, contemplative, de-escalating, terse, plain.
│ YOU NEED THIS OR NO CAN DO.
└ @ Main /workspace/grugbot420/src/engine.jl:5486
┌ Warning: ⚠️  COHERENCE WARNING: Node with pattern "momentum" has single-sentence system_prompt and NO noun_anchors!
│ The claim will fall back to the raw pattern — this produces pattern-echo garbage.
│ FIX: Make system_prompt multi-sentence (sentence 1 = persona, rest = grug voice)
│ OR add "noun_anchors" to json_data. YOU NEED THIS OR NO CAN DO.
└ @ Main /workspace/grugbot420/src/engine.jl:5474
┌ Warning: ⚠️  COHERENCE WARNING: Node with pattern "momentum" has NO frame_hints!
│ TonalJudge cannot compute frame_match_multiplier for this node.
│ FIX: Add "frame_hints" to json_data (e.g. ["warm", "plain"]).
│ Valid: warm, exploratory, imperative, contemplative, de-escalating, terse, plain.
│ YOU NEED THIS OR NO CAN DO.
└ @ Main /workspace/grugbot420/src/engine.jl:5486
┌ Warning: ⚠️  COHERENCE WARNING: Node with pattern "quantum" has single-sentence system_prompt and NO noun_anchors!
│ The claim will fall back to the raw pattern — this produces pattern-echo garbage.
│ FIX: Make system_prompt multi-sentence (sentence 1 = persona, rest = grug voice)
│ OR add "noun_anchors" to json_data. YOU NEED THIS OR NO CAN DO.
└ @ Main /workspace/grugbot420/src/engine.jl:5474
┌ Warning: ⚠️  COHERENCE WARNING: Node with pattern "quantum" has NO frame_hints!
│ TonalJudge cannot compute frame_match_multiplier for this node.
│ FIX: Add "frame_hints" to json_data (e.g. ["warm", "plain"]).
│ Valid: warm, exploratory, imperative, contemplative, de-escalating, terse, plain.
│ YOU NEED THIS OR NO CAN DO.
└ @ Main /workspace/grugbot420/src/engine.jl:5486
┌ Warning: ⚠️  COHERENCE WARNING: Node with pattern "rhythm" has single-sentence system_prompt and NO noun_anchors!
│ The claim will fall back to the raw pattern — this produces pattern-echo garbage.
│ FIX: Make system_prompt multi-sentence (sentence 1 = persona, rest = grug voice)
│ OR add "noun_anchors" to json_data. YOU NEED THIS OR NO CAN DO.
└ @ Main /workspace/grugbot420/src/engine.jl:5474
┌ Warning: ⚠️  COHERENCE WARNING: Node with pattern "rhythm" has NO frame_hints!
│ TonalJudge cannot compute frame_match_multiplier for this node.
│ FIX: Add "frame_hints" to json_data (e.g. ["warm", "plain"]).
│ Valid: warm, exploratory, imperative, contemplative, de-escalating, terse, plain.
│ YOU NEED THIS OR NO CAN DO.
└ @ Main /workspace/grugbot420/src/engine.jl:5486
┌ Warning: ⚠️  COHERENCE WARNING: Node with pattern "melody" has single-sentence system_prompt and NO noun_anchors!
│ The claim will fall back to the raw pattern — this produces pattern-echo garbage.
│ FIX: Make system_prompt multi-sentence (sentence 1 = persona, rest = grug voice)
│ OR add "noun_anchors" to json_data. YOU NEED THIS OR NO CAN DO.
└ @ Main /workspace/grugbot420/src/engine.jl:5474
┌ Warning: ⚠️  COHERENCE WARNING: Node with pattern "melody" has NO frame_hints!
│ TonalJudge cannot compute frame_match_multiplier for this node.
│ FIX: Add "frame_hints" to json_data (e.g. ["warm", "plain"]).
│ Valid: warm, exploratory, imperative, contemplative, de-escalating, terse, plain.
│ YOU NEED THIS OR NO CAN DO.
└ @ Main /workspace/grugbot420/src/engine.jl:5486
┌ Warning: ⚠️  COHERENCE WARNING: Node with pattern "harmony" has single-sentence system_prompt and NO noun_anchors!
│ The claim will fall back to the raw pattern — this produces pattern-echo garbage.
│ FIX: Make system_prompt multi-sentence (sentence 1 = persona, rest = grug voice)
│ OR add "noun_anchors" to json_data. YOU NEED THIS OR NO CAN DO.
└ @ Main /workspace/grugbot420/src/engine.jl:5474
┌ Warning: ⚠️  COHERENCE WARNING: Node with pattern "harmony" has NO frame_hints!
│ TonalJudge cannot compute frame_match_multiplier for this node.
│ FIX: Add "frame_hints" to json_data (e.g. ["warm", "plain"]).
│ Valid: warm, exploratory, imperative, contemplative, de-escalating, terse, plain.
│ YOU NEED THIS OR NO CAN DO.
└ @ Main /workspace/grugbot420/src/engine.jl:5486
┌ Warning: ⚠️  COHERENCE WARNING: Node with pattern "tempo" has single-sentence system_prompt and NO noun_anchors!
│ The claim will fall back to the raw pattern — this produces pattern-echo garbage.
│ FIX: Make system_prompt multi-sentence (sentence 1 = persona, rest = grug voice)
│ OR add "noun_anchors" to json_data. YOU NEED THIS OR NO CAN DO.
└ @ Main /workspace/grugbot420/src/engine.jl:5474
┌ Warning: ⚠️  COHERENCE WARNING: Node with pattern "tempo" has NO frame_hints!
│ TonalJudge cannot compute frame_match_multiplier for this node.
│ FIX: Add "frame_hints" to json_data (e.g. ["warm", "plain"]).
│ Valid: warm, exploratory, imperative, contemplative, de-escalating, terse, plain.
│ YOU NEED THIS OR NO CAN DO.
└ @ Main /workspace/grugbot420/src/engine.jl:5486
┌ Warning: ⚠️  COHERENCE WARNING: Node with pattern "color" has single-sentence system_prompt and NO noun_anchors!
│ The claim will fall back to the raw pattern — this produces pattern-echo garbage.
│ FIX: Make system_prompt multi-sentence (sentence 1 = persona, rest = grug voice)
│ OR add "noun_anchors" to json_data. YOU NEED THIS OR NO CAN DO.
└ @ Main /workspace/grugbot420/src/engine.jl:5474
┌ Warning: ⚠️  COHERENCE WARNING: Node with pattern "color" has NO frame_hints!
│ TonalJudge cannot compute frame_match_multiplier for this node.
│ FIX: Add "frame_hints" to json_data (e.g. ["warm", "plain"]).
│ Valid: warm, exploratory, imperative, contemplative, de-escalating, terse, plain.
│ YOU NEED THIS OR NO CAN DO.
└ @ Main /workspace/grugbot420/src/engine.jl:5486
┌ Warning: ⚠️  COHERENCE WARNING: Node with pattern "shape" has single-sentence system_prompt and NO noun_anchors!
│ The claim will fall back to the raw pattern — this produces pattern-echo garbage.
│ FIX: Make system_prompt multi-sentence (sentence 1 = persona, rest = grug voice)
│ OR add "noun_anchors" to json_data. YOU NEED THIS OR NO CAN DO.
└ @ Main /workspace/grugbot420/src/engine.jl:5474
┌ Warning: ⚠️  COHERENCE WARNING: Node with pattern "shape" has NO frame_hints!
│ TonalJudge cannot compute frame_match_multiplier for this node.
│ FIX: Add "frame_hints" to json_data (e.g. ["warm", "plain"]).
│ Valid: warm, exploratory, imperative, contemplative, de-escalating, terse, plain.
│ YOU NEED THIS OR NO CAN DO.
└ @ Main /workspace/grugbot420/src/engine.jl:5486
┌ Warning: ⚠️  COHERENCE WARNING: Node with pattern "light" has single-sentence system_prompt and NO noun_anchors!
│ The claim will fall back to the raw pattern — this produces pattern-echo garbage.
│ FIX: Make system_prompt multi-sentence (sentence 1 = persona, rest = grug voice)
│ OR add "noun_anchors" to json_data. YOU NEED THIS OR NO CAN DO.
└ @ Main /workspace/grugbot420/src/engine.jl:5474
┌ Warning: ⚠️  COHERENCE WARNING: Node with pattern "light" has NO frame_hints!
│ TonalJudge cannot compute frame_match_multiplier for this node.
│ FIX: Add "frame_hints" to json_data (e.g. ["warm", "plain"]).
│ Valid: warm, exploratory, imperative, contemplative, de-escalating, terse, plain.
│ YOU NEED THIS OR NO CAN DO.
└ @ Main /workspace/grugbot420/src/engine.jl:5486
ℹ️  Default specimen auto-load DISABLED (v7.24-restore). Use /loadSpecimen to restore state.
Growing initial map seeds with Stochastic Emotion Packets & Relational Gating...
  + lobe `default` created (subject: general thinking reasoning conversation greeting)
  + 3 boot seeds registered into `default` lobe
System Online. Grug waiting at cave entrance for instructions.
Primary  : /mission <input>                    (text or image binary)
Feedback : /wrong                              (penalize last response voters)
Explicit : /explicit <cmd> [<node_id>] <input>
Grow     : /grow <lobe_id> <json_packet>      (plant node(s) into a lobe)
         :   • <lobe_id> is required — use `-` for unassigned pool
         :   • Single node: {"pattern":"...","action_packet":"...","data":{...}}
         :   • Multi node:  {"nodes":[{...},{...}]}
         :   • `data.system_prompt` defaults to "Grug speaks plainly." if absent
Rules    : /addRule <rule text> [prob=0.0-1.0]
           Tags: {MISSION}, {PRIMARY_ACTION}, {SURE_ACTIONS}, {UNSURE_ACTIONS},
                 {ALL_ACTIONS}, {CONFIDENCE}, {NODE_ID}, {MEMORY}, {LOBE_CONTEXT}
Memory   : /pin <text>
Nodes    : /nodes                              (show node map status)
Status   : /status                             (show chatter + system status)
           /mitosisStatus                      (show mitosis growth status)
           /growthStatus                       (show growth automaton status)
           /autoGrowStatus                     (show live conversation auto-learning status)
           /autoLinkStatus                     (show evidence-based bridge linking status)
Arousal  : /arousal <0.0-1.0>                 (set eye system arousal level)
Verbs    : /addVerb <verb> <class>             (add verb to relation class)
         : /addRelationClass <name>            (create new verb class bucket)
         : /addSynonym <canonical> <alias>     (normalize alias->canonical)
         : /addSeedSynonym <canonical> <syn1 syn2 ...>  (thesaurus seed group)
         : /addRelRelation <name> <alt1 alt2 ...>  (dynamic relation sigil)
         : /addAntiMatch <pattern> [NONJITTER]  (anti-match confidence drain node)
         : /answer [@lobe_id] [:mode] <text>   (resolve strain — mode shapes the answer)
         : /antiAnswer [@lobe_id] [:mode] <text> (suppress strain — modes: alert, multi, json)
         : /listVerbs                          (show all verb classes + synonyms)
Hippo    : When cave is empty, system asks a question. Use /answer or
         : /antiAnswer to resolve. Modes shape how answers are stored:
         :   /answer @physics :explain energy is conserved
         :   /answer :math 2+2=4        /answer :multi part1 | part2
         :   /answer :relate fire | burns | wood
         :   /answer :time present | future
         :   /answer :proc step1; step2; step3
         :   /answer :json {...}        /answer energy is conserved
         : Modes: reason, explain, define, alert, comfort, math, multi, relate, proc, json
         : /antiAnswer modes: alert (default), multi, json
         : strain → ask → you answer → strain resolved.
Lobes    : /newLobe <id> <subject>             (create a new subject lobe)
         : /nameLobe <lobe_id> <name>          (give a lobe a human-readable name)
         : /connectLobes <id_a> <id_b>         (connect two lobes)
         : /lobeGrow <lobe_id> <json_packet>   (DEPRECATED — alias for /grow)
         : /lobes                              (list all lobes + node counts)
         : /tableStatus <lobe_id>              (show hash table chunks for a lobe)
         : /tableMatch <lobe_id> <chunk> <pat> (pattern-activate entries in chunk)
Thesaurus: /thesaurus <word1> | <word2>        (compare words/concepts dimensionally)
         : /thesaurus <w1> | <w2> :: <ctx1> :: <ctx2>  (with context lists)
NegThes  : /negativeThesaurus add|remove|list|check|flush
Bridge   : /nodeBridge <lobe> <n_a> <n_b> [seam...]  (bridge two nodes bidirectionally, max 4/node)
         : /nodeUnbridge <lobe> <n_a> <n_b>             (remove bidirectional bridge)
         : /nodeAttach / /nodeDetach                     (backward compat aliases)
ImgAttach: /imgnodeAttach <lobe> <tgt> <id> <b64> [w h] (attach image node with SDF-based fire)
         : /imgnodeDetach <lobe> <target> <id>         (detach image node from target)
         : /bridges                              (show all cascade bridges, also /attachments)
Crystal  : /crystalize <lobe> <n_a> <n_b>             (💎 mark bridge as sticky/user-locked, both sides)
         : /decrystalize <lobe> <n_a> <n_b>            (🔓 remove sticky flag, both sides, cross-lobe OK)
Specimen : /saveSpecimen <filepath>            (save full cave state — .json or .gz)
         : /loadSpecimen <filepath>            (restore full cave state — .json or .gz)
Help     : /help                               (full command reference)

╔══════════════════════════════════════════════════════════════════╗
║  SPECIMEN SEEDING GUIDE (read before /grow)                     ║
╠══════════════════════════════════════════════════════════════════╣
║  Automatic neighbor latching is SUPPRESSED below 1000 nodes.   ║
║  Below that threshold, YOU control topology via drop_table.     ║
║                                                                  ║
║  For a coherent specimen from the start:                        ║
║  1. Seed ORTHOGONAL archetypes first - distinct semantic poles. ║
║     Don't plant 50 near-identical nodes up front.               ║
║  2. Use required_relations as semantic GATES from day one.      ║
║     Nodes that demand specific verbs won't fire on noise.       ║
║  3. Name action_packets deliberately - distinct action families ║
║     give the superposition orchestrator something to work with. ║
║  4. Wire drop_tables manually for known co-activation pairs.    ║
║     Don't rely on the latch system to discover semantics.       ║
║  5. Your first ~100 nodes are the specimen's DNA.               ║
║     The engine enforces structure at scale (1000+ nodes).       ║
║     You enforce MEANING at the start.                           ║
╚══════════════════════════════════════════════════════════════════╝
[INPUT_LEDGER] 🧵  Background thread started. Watching for fresh input...
[CHATTER_RESIDUALS] 🔮  Background thread started. Mining chatter afterimages...

Brain > 
Brain > 
Brain > 
Brain > 
Brain > --> Grug thawing specimen from file...
  🧹 Wiping current cave state...
  ✅ Cave wiped clean. Beginning restore...
  🔢 ID counters restored (node=133, msg=81)
  🗳  Last voters restored (2 IDs)
  👁  Eye state restored
  🔧 Verb registry restored (9 classes, 37 verbs, 26 synonyms)
  🔤 Thesaurus restored (526 words)
  🧠 Lobes restored (8)
  📋 Lobe tables restored (8)
  🌱 Nodes restored (133)
  ⚡ Hopfield cache restored (0 entries)
  ⚙️  Rules restored (0)
  🚫 Inhibitions restored (0)
  💬 Messages restored (81 total, 0 pinned)
  👁  Arousal restored (level=0.6499999999999999)
  🧬 BrainStem state restored
  🌉 Bridges restored from v7.x format (0)
  🗣  Chatter groups restored (130)
  🔮 Trajectory restored (0 entries)
  🕐 Temporal coherence restored (0 entries)
  ⏳ Morph cooldowns restored (0 active)
  🛡 Immune system restored (0 signatures, 0 ledger entries)
  🤖 AIML system restored (10 nodes across 7 lobes)
  🪄 Sigils restored (3 specimen-specific)
  ⚠️  Phase accumulator: EMPTY (no crystal data) — HARD WARN
  🗳  Contributor votes restored (2)
  🎭 TonalJudge knobs restored (lift=1.2, inhibit=0.85)
  🧠 EphemeralMLP restored (transforms=37, rules=0)
  👁  MLP Observer Store: 59 entries, 59 distinct keys (store starts fresh; MLP gate counter restored)
  ✂️  Decomposer config loaded (FIRST-CLASS):
      Split conjunctions: 16 | Compound pairs: 1 leaders | Context: 'and'
      Question markers: 9 | Command stems: 13 → 52 expanded | Conjugation rules: 13
  👁  Vigilance config loaded (cap=6, enabled=true)
  📊  Injector stats loaded
  🎲  Relational jitter config loaded (ratio=0.03, coin=0.01, enabled=true)
  🧠  BrainStem config: matches code defaults
  ⚙️  Engine config: matches code defaults
  🏛️  Lobe orchestrator knobs: match code defaults
  🗳️  Vote orchestrator knobs: match code defaults
  🧬  Mitosis config: loaded (baseline reference)
  🌱  Growth automaton config: loaded (baseline reference)
  🦠  Phagy config: loaded (baseline reference)
  💬  Chatter config: loaded (baseline reference)
  🛡️  Immune config: loaded (baseline reference)
  🎯  ActionTone knobs: loaded (baseline reference)
  🔗  Co-activation accumulator loaded (50 pairs)
  📝  Input ledger loaded (0 consumed hashes)
  🔮  Chatter residuals loaded (0 consumed hashes)
  🪭  Fan-out config loaded (enabled=true, max=4, modes=8)
  🧠  Hippocampal pending ask restored: 'Thank you Grug, you've been helpful.'
  🔐  Admin session: not logged in (clean)
  🎭  Lobe orchestrator last state loaded (winner=time, scores=2)
  🔖  Chatter cursor loaded (pos=0)
  📋  Answer mode config loaded (11 modes)
  🦠  Phagy rules ref loaded (0 rules)
  ⏳  Time orientation config loaded (global=none, no active orientation)
  ⏳  Time node orientation index: 12/12 nodes verified

╔══════════════════════════════════════════════════════════════╗
║            🧬 SPECIMEN LOADED SUCCESSFULLY                   ║
╠══════════════════════════════════════════════════════════════╣
  📁  File             : comprehensive_specimen_v81.json
  📄  File size        : 388617 bytes
  📦  JSON size        : 388617 bytes
  ⏱️   Time             : 2.72s
  ─────────────────────────────────────────────
  🌱  Nodes            : 133
  🧠  Lobes            : 8
  📋  Lobe tables      : 8
  ⚡  Hopfield entries  : 0
  ⚙️   Rules            : 0
  💬  Messages         : 81 (0 pinned)
  🔧  Verb classes     : 9 (37 verbs)
  🔤  Thesaurus words  : 526
  🚫  Inhibitions      : 0
  🔗  Attachments      : 0
  ⏳  Time orientation  : none
  🤖  AIML nodes       : 10 (7 lobes)
  👁   Arousal          : 0.6499999999999999
  🔢  ID counters      : node=133, msg=81
  ─────────────────────────────────────────────
  🧹  Previous state   : WIPED (full brain transplant)
╚══════════════════════════════════════════════════════════════╝

Brain > 
Brain > 
Brain > 
Brain > 
Brain > 🧠 Lobe 'physics' created for subject: 'energy force motion gravity matter quantum relativity'. Cap: 20000 nodes. AIML tribe registered (cap=6666).

Brain > 🧠 Lobe 'music' created for subject: 'rhythm melody harmony song sound instrument tempo'. Cap: 20000 nodes. AIML tribe registered (cap=6666).

Brain > 🧠 Lobe 'vision' created for subject: 'sight color shape image light dark pattern visual'. Cap: 20000 nodes. AIML tribe registered (cap=6666).

Brain > 🏷️  Lobe 'physics' named 'PhysicsBrain'. Automaton can now spawn here by name.

Brain > 🏷️  Lobe 'music' named 'MusicBrain'. Automaton can now spawn here by name.

Brain > 🏷️  Lobe 'vision' named 'VisionBrain'. Automaton can now spawn here by name.

Brain > 
Brain > 
Brain > 🔗 Lobes 'physics' ↔ 'math' connected.

Brain > 🔗 Lobes 'music' ↔ 'emotions' connected.

Brain > 🔗 Lobes 'vision' ↔ 'science' connected.

Brain > 🔗 Lobes 'physics' ↔ 'science' connected.

Brain > 
Brain > 
Brain > 
Brain > 
Brain > 🗂  Relation class 'spatial' created. Use /addVerb to populate.

Brain > 🔧 Verb 'above' added to class 'spatial'. Active immediately.

Brain > 🔧 Verb 'below' added to class 'spatial'. Active immediately.

Brain > 🔧 Verb 'beside' added to class 'spatial'. Active immediately.

Brain > 🗂  Relation class 'comparative' created. Use /addVerb to populate.

Brain > 🔧 Verb 'exceeds' added to class 'comparative'. Active immediately.

Brain > 🔧 Verb 'resembles' added to class 'comparative'. Active immediately.

Brain > 🔧 Verb 'mirrors' added to class 'comparative'. Active immediately.

Brain > 🔧 Verb 'produce' added to class 'causal'. Active immediately.

Brain > 
Brain > !!! SYSTEM ERROR: ErrorException("!!! FATAL: Synonym 'assemble' already maps to 'build'. Cannot remap to 'create' without explicit removal! Use remove_synonym!(\"assemble\") first! !!!") !!!

Stacktrace:
 [1] error(s::String)
   @ Base ./error.jl:35
 [2] (::Main.SemanticVerbs.var"#5#6"{SubString{String}, SubString{String}})()
   @ Main.SemanticVerbs /workspace/grugbot420/src/SemanticVerbs.jl:194
 [3] lock(f::Main.SemanticVerbs.var"#5#6"{SubString{String}, SubString{String}}, l::ReentrantLock)
   @ Base ./lock.jl:229
 [4] add_synonym!(canonical::String, synonym::String)
   @ Main.SemanticVerbs /workspace/grugbot420/src/SemanticVerbs.jl:178
 [5] run_cli()
   @ Main /workspace/grugbot420/src/Main.jl:10641
 [6] top-level scope
   @ /workspace/grugbot420/src/Main.jl:12566
 [7] include(mod::Module, _path::String)
   @ Base ./Base.jl:457
 [8] exec_options(opts::Base.JLOptions)
   @ Base ./client.jl:307
 [9] _start()
   @ Base ./client.jl:522

Brain > 📖 Synonym registered: 'trigger' → 'cause'. Normalization active.

Brain > 📖 Synonym registered: 'surpasses' → 'exceeds'. Normalization active.

Brain > 
Brain > 🌱 Seed synonym group: 'vibrate' + 5 synonyms registered. Bidirectional mapping active.

Brain > 🌱 Seed synonym group: 'melody' + 4 synonyms registered. Bidirectional mapping active.

Brain > 🌱 Seed synonym group: 'gravity' + 4 synonyms registered. Bidirectional mapping active.

Brain > 
Brain > 🔗 Relation sigil '&harmonizes' registered: resonates | syncs | aligns

Brain > 
Brain > 
Brain > 
Brain > 
Brain > 🚫 Inhibition registered: 'gibberish'  reason: noise token no semantic value
   NegativeThesaurus size: 1 / 256

Brain > 🚫 Inhibition registered: 'asdf'  reason: keyboard mash
   NegativeThesaurus size: 2 / 256

Brain > 🚫 Inhibition registered: 'blahblah'  reason: filler noise
   NegativeThesaurus size: 3 / 256

Brain > 
Brain > 
Brain > 
Brain > 
Brain > 
Brain > 🔮 Sigil &tempo registered as :macro @ :match (lexicon=4 words)

Brain > !!! /sigil add ERROR: SigilConfigError(":tag sigil &wavelength must not carry lexicon", "lexicon") !!!

Brain > 
Brain > 
Brain > 
Brain > 
Brain > 🧫 Anti-match node created: id=node_133 pattern='ignore physics please' [jitter drain] (no lobe)

Brain > 🧫 Anti-match node created: id=node_134 pattern='stop the music now' [jitter drain] (no lobe)

Brain > 🧫 Anti-match node created: id=node_135 pattern='do not calculate' [jitter drain] (no lobe)

Brain > 
Brain > 
Brain > 
Brain > 
Brain > 
Brain > --> Grug unpacking JSON node seeds for lobe 'physics'...
🌱 Tribe expanded! Grug planted 1 new nodes into lobe 'physics': [node_136]

Brain > --> Grug unpacking JSON node seeds for lobe 'physics'...
🌱 Tribe expanded! Grug planted 1 new nodes into lobe 'physics': [node_137]

Brain > --> Grug unpacking JSON node seeds for lobe 'physics'...
[AIML] 🌱  Stochastic growth: auto-planted AIML node 'aiml_auto_physics_1_19690' in lobe 'physics' (alive=1/6666, warrant=1.0, hint='gravity')
🌱 Tribe expanded! Grug planted 1 new nodes into lobe 'physics': [node_138]

Brain > --> Grug unpacking JSON node seeds for lobe 'physics'...
🌱 Tribe expanded! Grug planted 1 new nodes into lobe 'physics': [node_139]

Brain > --> Grug unpacking JSON node seeds for lobe 'physics'...
[AIML] 🌱  Stochastic growth: auto-planted AIML node 'aiml_auto_physics_2_19691' in lobe 'physics' (alive=2/6666, warrant=1.0, hint='quantum')
🌱 Tribe expanded! Grug planted 1 new nodes into lobe 'physics': [node_140]

Brain > 
Brain > 
Brain > --> Grug unpacking JSON node seeds for lobe 'music'...
🌱 Tribe expanded! Grug planted 1 new nodes into lobe 'music': [node_141]

Brain > --> Grug unpacking JSON node seeds for lobe 'music'...
🌱 Tribe expanded! Grug planted 1 new nodes into lobe 'music': [node_142]

Brain > --> Grug unpacking JSON node seeds for lobe 'music'...
🌱 Tribe expanded! Grug planted 1 new nodes into lobe 'music': [node_143]

Brain > --> Grug unpacking JSON node seeds for lobe 'music'...
🌱 Tribe expanded! Grug planted 1 new nodes into lobe 'music': [node_144]

Brain > 
Brain > 
Brain > --> Grug unpacking JSON node seeds for lobe 'vision'...
🌱 Tribe expanded! Grug planted 1 new nodes into lobe 'vision': [node_145]

Brain > --> Grug unpacking JSON node seeds for lobe 'vision'...
🌱 Tribe expanded! Grug planted 1 new nodes into lobe 'vision': [node_146]

Brain > --> Grug unpacking JSON node seeds for lobe 'vision'...
[AIML] 🌱  Stochastic growth: auto-planted AIML node 'aiml_auto_vision_1_19693' in lobe 'vision' (alive=1/6666, warrant=1.0, hint='light')
🌱 Tribe expanded! Grug planted 1 new nodes into lobe 'vision': [node_147]

Brain > 
Brain > 
Brain > 
Brain > 
Brain > ⏳ Answer [:time]: id=node_148 triple='dawn → &temporal → dusk' (temporal: before | after | during…) (lobe: time) → group_55 +4 shadows [node_149, node_150, node_151, node_152] | strain 0.8 → 0.24 (dampened) | resolved: "Thank you Grug, you've been helpful."

Brain > ⏳ Answer [:time]: id=node_153 triple='spring → &temporal → winter' (temporal: before | after | during…) (lobe: time) → group_64 +4 shadows [node_154, node_155, node_156, node_157] | strain 0.24 → 0.072 (dampened)

Brain > 🧠 Answer [:relate]: id=node_158 triple='cause → produce → effect' (lobe: physics) +4 shadows [node_159, node_160, node_161, node_162] | strain 0.072 → 0.022 (dampened)

Brain > 🧠 Answer [:proc]: planted 4 step(s) [node_163 → node_164 → node_165 → node_166] | strain 0.022 → 0.006 (dampened)

Brain > 🧠 Answer [:multi]: planted 2 node(s) [node_167, node_168] | strain 0.006 → 0.002 (dampened)

Brain > 🧠 Answer [:math]: id=node_169 pattern='area of circle equals pi times radius squared' (lobe: math) → group_42 +4 shadows [node_170, node_171, node_172, node_173] | strain 0.002 → 0.001 (dampened)

Brain > 
Brain > 
Brain > 
Brain > 
Brain > ✅  /aimlAdd: Created AIML node 'phys_aiml_1' in lobe 'physics' with strength 5.020893815309574

Brain > ✅  /aimlAdd: Created AIML node 'music_aiml_1' in lobe 'music' with strength 4.929987697425127

Brain > 
Brain > 
Brain > === LOBE REGISTRY (11 lobes, 171 nodes indexed) ===
  default | subject='general thinking reasoning conversation greeting' | nodes=7/20000 | fires=0 | inhibits=0 | connected=[none] | whitelist=open | tbl[nodes=7 json=0 drop=0 hopf=0]
  emotions | subject='feelings happiness sadness anger fear love comfort peace' | nodes=15/80 | fires=0 | inhibits=0 | connected=[music,social,survival] | whitelist=open | tbl[nodes=15 json=0 drop=0 hopf=0]
  language | subject='words definitions grammar synonyms meanings concepts' | nodes=5/60 | fires=0 | inhibits=0 | connected=[math,science] | whitelist=open | tbl[nodes=5 json=0 drop=0 hopf=0]
  math | subject='numbers arithmetic calculation equations formulas algebra' | nodes=24/80 | fires=0 | inhibits=0 | connected=[language,physics,science] | whitelist=open | tbl[nodes=24 json=0 drop=0 hopf=0]
  music name='MusicBrain' | subject='rhythm melody harmony song sound instrument tempo' | nodes=6/20000 | fires=0 | inhibits=0 | connected=[emotions] | whitelist=open | tbl[nodes=6 json=12 drop=0 hopf=0]
  physics name='PhysicsBrain' | subject='energy force motion gravity matter quantum relativity' | nodes=14/20000 | fires=0 | inhibits=0 | connected=[math,science] | whitelist=open | tbl[nodes=14 json=15 drop=0 hopf=0]
  science | subject='physics chemistry biology astronomy experiments nature' | nodes=24/100 | fires=0 | inhibits=0 | connected=[language,math,physics,time,vision] | whitelist=open | tbl[nodes=24 json=0 drop=0 hopf=0]
  social | subject='friendship cooperation sharing community family trust' | nodes=17/60 | fires=0 | inhibits=0 | connected=[emotions,survival] | whitelist=open | tbl[nodes=17 json=0 drop=0 hopf=0]
  survival | subject='fire food shelter water danger safety hunting gathering' | nodes=35/100 | fires=0 | inhibits=0 | connected=[emotions,social,time] | whitelist=open | tbl[nodes=35 json=0 drop=0 hopf=0]
  time | subject='past present future before after during now when then' | nodes=21/60 | fires=0 | inhibits=0 | connected=[science,survival] | whitelist=open | tbl[nodes=21 json=0 drop=0 hopf=0]
  vision name='VisionBrain' | subject='sight color shape image light dark pattern visual' | nodes=3/20000 | fires=0 | inhibits=0 | connected=[science] | whitelist=open | tbl[nodes=3 json=9 drop=0 hopf=0]

Brain > === SEMANTIC VERB REGISTRY ===
  [action]: build, burn, flow, gather, hunt, orbit, protect
  [causal]: cause, causes, contradicts, create, hits, increases, makes, produce, reduces, routes
  [cognitive]: know, remember, think
  [comparative]: exceeds, mirrors, resembles
  [emotional]: comfort, fear, feel, love
  [possessive]: contain
  [similarity]: resemble
  [social]: cooperate, share, trust
  [spatial]: above, are, below, beside, connects, is, was, were
  [temporal]: chasing, follows, precedes
  --- Synonyms ---
    adore → love
    assemble → build
    chase → hunt
    collaborate → cooperate
    collect → gather
    combust → burn
    consider → think
    console → comfort
    construct → build
    distribute → share
    dread → fear
    experience → feel
    forage → gather
    generate → create
    guard → protect
    ignite → burn
    make → create
    ponder → think
    produce → cause
    rely upon → trust
    run → flow
    sense → feel
    stream → flow
    surpasses → exceeds
    track → hunt
    trigger → cause
    understand → know

Brain > 📋 NegativeThesaurus — 3 inhibited word(s):
   🚫 'asdf'   reason: keyboard mash   added: 0.0s ago
   🚫 'blahblah'   reason: filler noise   added: 0.0s ago
   🚫 'gibberish'   reason: noise token no semantic value   added: 0.0s ago

Brain > 
╔════════════════════════════════════════════════════════════╗
║                    🤖 AIML TRIBE STATUS                      ║
╠════════════════════════════════════════════════════════════╣
=== AIML NODE TRIBES (cycle=44) ===
  Stochastic growth: ceiling=0.333 (~1/3), data-driven (warrant modulates probability)
  emotions | pop=2/26 | live=2 | grave=0 | auto=0
  language | pop=1/20 | live=1 | grave=0 | auto=0
  math | pop=1/26 | live=1 | grave=0 | auto=0
  music | pop=1/6666 | live=1 | grave=0 | auto=0
  physics | pop=3/6666 | live=3 | grave=0 | auto=2
  science | pop=2/33 | live=2 | grave=0 | auto=0
  social | pop=1/20 | live=1 | grave=0 | auto=0
  survival | pop=2/33 | live=2 | grave=0 | auto=0
  time | pop=1/20 | live=1 | grave=0 | auto=0
  vision | pop=1/6666 | live=1 | grave=0 | auto=1
╚════════════════════════════════════════════════════════════╝

Brain > 
Brain > 
Brain > --> Grug freezing entire cave to specimen file...
  💎 Phase accumulator saved: 0 snapshots in crystal
  ✂️  Decomposer config saved: 42 total entries across 6 fields
  👁  Vigilance config saved (cap=6)
  📊  Injector stats saved
  🎲  Relational jitter config saved (ratio=0.03, coin=0.01, enabled=true)
  🧠  BrainStem config saved
  ⚙️  Engine config saved
  🏛️  Lobe orchestrator knobs saved
  🗳️  Vote orchestrator knobs saved
  🧬  Mitosis config saved
  🌱  Growth automaton config saved
  🦠  Phagy config saved
  💬  Chatter config saved
  🛡️  Immune config saved
  🔭  Scanner config saved
  🎯  ActionTone knobs saved
  🔗  Co-activation accumulator saved
  📝  Input ledger saved
  🔮  Chatter residuals saved
  🌱  AutoGrowth evidence saved (evidence=0, co-occur=0)
  🔗  AutoLinker evidence saved (link_evidence=0)
  🪭  Fan-out config saved (enabled=true, max=4, modes=8)
  🧠  Hippocampal pending ask saved
  🔐  Admin session saved
  🎭  Lobe orchestrator last state saved (winner=time)
  🔖  Chatter cursor saved (pos=0)
  📋  Answer mode config saved (11 modes)
  🦠  Phagy rules ref saved (0 rules)
  ⏳  Time orientation config saved (global=none, 12 oriented time nodes)
  🔗  CoherenceField config saved (weight=0.0)

╔══════════════════════════════════════════════════════════════╗
║            🧊 SPECIMEN SAVED SUCCESSFULLY                    ║
╠══════════════════════════════════════════════════════════════╣
  📁  File             : comprehensive_specimen_v742.json
  📦  JSON size        : 7743775 bytes
  📄  File size        : 7743775 bytes (plain JSON)
  ⏱️   Time             : 1.05s
  ─────────────────────────────────────────────
  🌱  Nodes            : 174
  🧠  Lobes            : 11
  💎  Phase Accumulator      : 0 snapshots
  📋  Lobe tables      : 11
  ⚡  Hopfield entries  : 0
  ⚙️   Rules            : 0
  💬  Messages         : 108
  🔧  Verb classes     : 10
  🔤  Thesaurus words  : 540
  🚫  Inhibitions      : 3
  🔗  Attachments      : 0
  🔮  Trajectory entries : 0
  🕐  Temporal coherence : 0
  ⏳  Time orientation   : none (oriented nodes: 12)
  ⏳  Morph cooldowns    : 0
  🤖  AIML nodes       : 15
  🪄  Sigil entries    : 18
  ⚙️  Automaton rules  : 0
  🗳  Contributor votes : 2
  🎭  Tonal knobs      : saved
  👁   Arousal          : 0.6499999999999999
  🌱  AutoGrowth       : evidence=0, co-occur=0
  🔗  AutoLinker       : link_evidence=0
╚══════════════════════════════════════════════════════════════╝

Brain > ╔══════════════════════════════════════════════════╗
║              GRUGBOT SYSTEM STATUS               ║
╠══════════════════════════════════════════════════╣
║  ENGINE                                          ║
  Nodes in cave   : 174
  Hopfield cache  : 0 entries
  Memory messages : 109
  Est. memory use : ~227 KB
  Trajectory buf  : 0 entries
  Temporal coher  : 0 entries
  Morph cooldowns : 0 active
  Current arousal : 0.65
  Last input ago  : 0.0s
║  LOBES                                           ║
  Lobes registered: 11
  Nodes in lobes  : 171
  Top lobe (fires): math (0 fires)
║  BRAINSTEM                                       ║
  Dispatches run  : 0
  Last winner     : none
  Propagations    : 0
  Is dispatching  : false
║  CHATTER                                         ║
  Chatter running : false
  Input queue     : 0 pending
  Sessions run    : 0
║  AIML NODE TRIBES                                ║
=== AIML NODE TRIBES (cycle=44) ===
  Stochastic growth: ceiling=0.333 (~1/3), data-driven (warrant modulates probability)
  emotions | pop=2/26 | live=2 | grave=0 | auto=0
  language | pop=1/20 | live=1 | grave=0 | auto=0
  math | pop=1/26 | live=1 | grave=0 | auto=0
  music | pop=1/6666 | live=1 | grave=0 | auto=0
  physics | pop=3/6666 | live=3 | grave=0 | auto=2
  science | pop=2/33 | live=2 | grave=0 | auto=0
  social | pop=1/20 | live=1 | grave=0 | auto=0
  survival | pop=2/33 | live=2 | grave=0 | auto=0
  time | pop=1/20 | live=1 | grave=0 | auto=0
  vision | pop=1/6666 | live=1 | grave=0 | auto=1
║  EPHEMERAL MLP                                   ║
  Transforms      : 37
  Sigmoid / ReLU  : 0 / 37
  Last activation : relu
  Novelty score   : 1.0
  Dir. quality    : 0.5003
  Rules           : 0/0 enabled
  Right / Wrong   : 0 / 0
  Obs. threshold  : 5
  Observer count  : 59
  Adjustments     : ENABLED
╚══════════════════════════════════════════════════╝
║  MITOSIS (lazy fuzzy conservative stochastic)   ║
  Nodes grown     : 0
  Nodes latched   : 0
  Last event      : none
  Stochastic prob : 0.15
  Min pop gate    : 10
  Max pop cap     : 10000
  Cooldown cycles : 5
  Min warrant     : 0.5
╚══════════════════════════════════════════════════════════════╝
═══ RELATIONAL GOVERNANCE ═══
  Accumulator: 50/5000 pairs tracked
  Above threshold (10.0): 0 pairs
  Auto-attach probability: 0.1 (10.0% per idle cycle)
  Decay rate: 0.05 (5.0% per decay cycle)
  Top pairs:
    node_45 ↔ node_87: intensity=6.0
    node_46 ↔ node_87: intensity=5.0
    node_108 ↔ node_87: intensity=5.0
    node_18 ↔ node_87: intensity=4.0
    node_108 ↔ node_45: intensity=4.0
═══ INPUT LEDGER ═══
  Thread running   : true
  Ledger entries   : 0 / 20000
  Total consumed   : 0
  Batches processed: 0
  Last batch       : never
  Batch size       : 10000
  Min threshold    : 50
  Poll (empty)     : 5.0s
  Poll (after)     : 1.0s
═══ CHATTER RESIDUALS ═══
  Thread running      : true
  Ledger entries      : 0 / 400
  Total swaps consumed: 0
  Co-occur observations: 0
  Votes stolen (remix): 0
  Votes refused       : 0
  Batches processed   : 0
  Last batch          : never
  Batch size          : 200
  Min threshold       : 3
  Co-occur increment  : 1.5
  Confidence floor    : 0.5 ± 0.08
  Markov blend bias   : 0.35
  Weight blend (recv) : 0.6
  Poll (empty)        : 10.0s
  Poll (after)        : 2.0s

Brain > 
[GRUG] ☁ stdin closed (EOF). Cave goes quiet. Shutting down CLI loop.
